
[TestRule/invalid-0 - 1]
Diagnostic 1: proceduralBranch (7:9 - 7:22)
Message: Branches on `order.delivery` contain their own control flow.
Help: Branches with nested decisions, loops or error handling: "letter". Each is a procedure for its values, written inline instead of standing on its own.
   6 |   return Promise.all(orders.map(async (order) => {
   7 |     if (order.delivery === "parcel") {
     |         ~~~~~~~~~~~~~~
   8 |       return { ...order, path: await weigh(order.ref) };
---

[TestRule/invalid-1 - 1]
Diagnostic 1: proceduralBranch (4:11 - 4:24)
Message: Branches on `order.delivery` contain their own control flow.
Help: Branches with nested decisions, loops or error handling: "parcel". Each is a procedure for its values, written inline instead of standing on its own.
   3 | export function describe(order: Order, verbose: boolean) {
   4 |   switch (order.delivery) {
     |           ~~~~~~~~~~~~~~
   5 |     case "parcel":
---

[TestRule/invalid-2 - 1]
Diagnostic 1: proceduralBranch (4:7 - 4:20)
Message: Branches on `order.delivery` contain their own control flow.
Help: Branches with nested decisions, loops or error handling: "email". Each is a procedure for its values, written inline instead of standing on its own.
   3 | export function list(order: Order, paths: string[]) {
   4 |   if (order.delivery === "email") {
     |       ~~~~~~~~~~~~~~
   5 |     for (const path of paths) log(path);
---

[TestRule/invalid-3 - 1]
Diagnostic 1: proceduralBranch (3:3 - 3:16)
Message: Branches on `order.delivery` contain their own control flow.
Help: Branches with nested decisions, loops or error handling: "parcel". Each is a procedure for its values, written inline instead of standing on its own.
   2 | export const size = (order: Order, small: boolean) =>
   3 |   order.delivery === "parcel" ? (small ? 1 : 2) : order.delivery === "letter" ? 3 : 0;
     |   ~~~~~~~~~~~~~~
---

[TestRule/invalid-4 - 1]
Diagnostic 1: proceduralBranch (5:11 - 5:24)
Message: Branches on `order.delivery` contain their own control flow.
Help: Branches with nested decisions, loops or error handling: "parcel". Each is a procedure for its values, written inline instead of standing on its own.
   4 | export function walk(order: Order, items: string[]) {
   5 |   switch (order.delivery) {
     |           ~~~~~~~~~~~~~~
   6 |     case "parcel":
---

[TestRule/invalid-5 - 1]
Diagnostic 1: proceduralBranch (4:7 - 4:16)
Message: Branches on `shape.kind` contain their own control flow.
Help: Branches with nested decisions, loops or error handling: "square". Each is a procedure for its values, written inline instead of standing on its own.
   3 | export function draw(shape: Shape, steps: number[]) {
   4 |   if (shape.kind === "circle") return shape.radius;
     |       ~~~~~~~~~~
   5 |   if (shape.kind === "square") {
---

[TestRule/invalid-6 - 1]
Diagnostic 1: proceduralBranch (4:11 - 4:14)
Message: Branches on `kind` contain their own control flow.
Help: Branches with nested decisions, loops or error handling: "a". Each is a procedure for its values, written inline instead of standing on its own.
   3 | export function f(kind: Kind, items: string[]) {
   4 |   switch (kind) {
     |           ~~~~
   5 |     case "a":
---
