
[TestRule/invalid-0 - 1]
Diagnostic 1: preferTruthyCheck (1:54 - 1:72)
Message: Use a truthiness check instead of comparing with undefined; every present value of this type is truthy.
   1 | declare const value: { id: string } | undefined; if (value !== undefined) {}
     |                                                      ~~~~~~~~~~~~~~~~~~~
---

[TestRule/invalid-1 - 1]
Diagnostic 1: preferTruthyCheck (1:48 - 1:66)
Message: Use a truthiness check instead of comparing with undefined; every present value of this type is truthy.
   1 | declare const value: string[] | undefined; if (value !== undefined) {}
     |                                                ~~~~~~~~~~~~~~~~~~~
---

[TestRule/invalid-2 - 1]
Diagnostic 1: preferTruthyCheck (1:57 - 1:75)
Message: Use a truthiness check instead of comparing with undefined; every present value of this type is truthy.
   1 | declare const value: readonly [number] | undefined; if (value !== undefined) {}
     |                                                         ~~~~~~~~~~~~~~~~~~~
---

[TestRule/invalid-3 - 1]
Diagnostic 1: preferTruthyCheck (1:44 - 1:62)
Message: Use a truthiness check instead of comparing with undefined; every present value of this type is truthy.
   1 | declare const value: Date | undefined; if (value !== undefined) {}
     |                                            ~~~~~~~~~~~~~~~~~~~
---

[TestRule/invalid-4 - 1]
Diagnostic 1: preferTruthyCheck (1:46 - 1:64)
Message: Use a truthiness check instead of comparing with undefined; every present value of this type is truthy.
   1 | declare const value: symbol | undefined; if (value !== undefined) {}
     |                                              ~~~~~~~~~~~~~~~~~~~
---

[TestRule/invalid-5 - 1]
Diagnostic 1: preferTruthyCheck (1:44 - 1:62)
Message: Use a truthiness check instead of comparing with undefined; every present value of this type is truthy.
   1 | declare const value: true | undefined; if (value !== undefined) {}
     |                                            ~~~~~~~~~~~~~~~~~~~
---

[TestRule/invalid-6 - 1]
Diagnostic 1: preferTruthyCheck (1:47 - 1:65)
Message: Use a truthiness check instead of comparing with undefined; every present value of this type is truthy.
   1 | declare const value: 'hello' | undefined; if (value !== undefined) {}
     |                                               ~~~~~~~~~~~~~~~~~~~
---

[TestRule/invalid-7 - 1]
Diagnostic 1: preferTruthyCheck (1:42 - 1:60)
Message: Use a truthiness check instead of comparing with undefined; every present value of this type is truthy.
   1 | declare const value: 42 | undefined; if (value !== undefined) {}
     |                                          ~~~~~~~~~~~~~~~~~~~
---

[TestRule/invalid-8 - 1]
Diagnostic 1: preferTruthyCheck (1:42 - 1:60)
Message: Use a truthiness check instead of comparing with undefined; every present value of this type is truthy.
   1 | declare const value: -1 | undefined; if (value !== undefined) {}
     |                                          ~~~~~~~~~~~~~~~~~~~
---

[TestRule/invalid-9 - 1]
Diagnostic 1: preferTruthyCheck (1:42 - 1:60)
Message: Use a truthiness check instead of comparing with undefined; every present value of this type is truthy.
   1 | declare const value: 1n | undefined; if (value !== undefined) {}
     |                                          ~~~~~~~~~~~~~~~~~~~
---

[TestRule/invalid-10 - 1]
Diagnostic 1: preferTruthyCheck (1:43 - 1:61)
Message: Use a truthiness check instead of comparing with undefined; every present value of this type is truthy.
   1 | declare const value: -1n | undefined; if (value !== undefined) {}
     |                                           ~~~~~~~~~~~~~~~~~~~
---

[TestRule/invalid-11 - 1]
Diagnostic 1: preferTruthyCheck (1:85 - 1:103)
Message: Use a truthiness check instead of comparing with undefined; every present value of this type is truthy.
   1 | declare const value: { id: string } | true | 'hello' | 42 | symbol | undefined; if (value !== undefined) {}
     |                                                                                     ~~~~~~~~~~~~~~~~~~~
---

[TestRule/invalid-12 - 1]
Diagnostic 1: preferTruthyCheck (1:54 - 1:72)
Message: Use a truthiness check instead of comparing with undefined; every present value of this type is truthy.
   1 | declare const value: { id: string } | undefined; if (value !== undefined) {}
     |                                                      ~~~~~~~~~~~~~~~~~~~
---

[TestRule/invalid-13 - 1]
Diagnostic 1: preferTruthyCheck (1:57 - 1:75)
Message: Use a truthiness check instead of comparing with undefined; every present value of this type is truthy.
   1 | declare const value: { id: string } | undefined; while (value !== undefined) { break; }
     |                                                         ~~~~~~~~~~~~~~~~~~~
---

[TestRule/invalid-14 - 1]
Diagnostic 1: preferTruthyCheck (1:63 - 1:81)
Message: Use a truthiness check instead of comparing with undefined; every present value of this type is truthy.
   1 | declare const value: { id: string } | undefined; do {} while (value !== undefined);
     |                                                               ~~~~~~~~~~~~~~~~~~~
---

[TestRule/invalid-15 - 1]
Diagnostic 1: preferTruthyCheck (1:57 - 1:75)
Message: Use a truthiness check instead of comparing with undefined; every present value of this type is truthy.
   1 | declare const value: { id: string } | undefined; for (; value !== undefined;) { break; }
     |                                                         ~~~~~~~~~~~~~~~~~~~
---

[TestRule/invalid-16 - 1]
Diagnostic 1: preferTruthyCheck (1:65 - 1:83)
Message: Use a truthiness check instead of comparing with undefined; every present value of this type is truthy.
   1 | declare const value: { id: string } | undefined; const result = value !== undefined ? 1 : 2;
     |                                                                 ~~~~~~~~~~~~~~~~~~~
---

[TestRule/invalid-17 - 1]
Diagnostic 1: preferTruthyCheck (1:67 - 1:85)
Message: Use a truthiness check instead of comparing with undefined; every present value of this type is truthy.
   1 | declare const value: { id: string } | undefined; const result = !(value !== undefined);
     |                                                                   ~~~~~~~~~~~~~~~~~~~
---

[TestRule/invalid-18 - 1]
Diagnostic 1: preferTruthyCheck (1:63 - 1:81)
Message: Use a truthiness check instead of comparing with undefined; every present value of this type is truthy.
   1 | declare const value: { id: string } | undefined; if (true && (value !== undefined || false)) {}
     |                                                               ~~~~~~~~~~~~~~~~~~~
---

[TestRule/invalid-19 - 1]
Diagnostic 1: preferTruthyCheck (1:55 - 1:77)
Message: Use a truthiness check instead of comparing with undefined; every present value of this type is truthy.
   1 | declare const value: { id: string } | undefined; if (((value) !== (undefined))) {}
     |                                                       ~~~~~~~~~~~~~~~~~~~~~~~
---

[TestRule/invalid-20 - 1]
Diagnostic 1: preferTruthyCheck (1:54 - 1:72)
Message: Use a truthiness check instead of comparing with undefined; every present value of this type is truthy.
   1 | declare const value: { id: string } | undefined; if (undefined !== value) {}
     |                                                      ~~~~~~~~~~~~~~~~~~~
---

[TestRule/invalid-21 - 1]
Diagnostic 1: preferTruthyCheck (1:54 - 1:71)
Message: Use a truthiness check instead of comparing with undefined; every present value of this type is truthy.
   1 | declare const value: { id: string } | undefined; if (value != undefined) {}
     |                                                      ~~~~~~~~~~~~~~~~~~
---

[TestRule/invalid-22 - 1]
Diagnostic 1: preferTruthyCheck (1:54 - 1:71)
Message: Use a truthiness check instead of comparing with undefined; every present value of this type is truthy.
   1 | declare const value: { id: string } | undefined; if (value != undefined) { if (value !== undefined) {} }
     |                                                      ~~~~~~~~~~~~~~~~~~
---

[TestRule/invalid-23 - 1]
Diagnostic 1: preferFalsyCheck (1:54 - 1:72)
Message: Use a negated truthiness check instead of comparing with undefined; every present value of this type is truthy.
   1 | declare const value: { id: string } | undefined; if (value === undefined) {}
     |                                                      ~~~~~~~~~~~~~~~~~~~
---

[TestRule/invalid-24 - 1]
Diagnostic 1: preferFalsyCheck (1:54 - 1:71)
Message: Use a negated truthiness check instead of comparing with undefined; every present value of this type is truthy.
   1 | declare const value: { id: string } | undefined; if (undefined == value) {}
     |                                                      ~~~~~~~~~~~~~~~~~~
---

[TestRule/invalid-25 - 1]
Diagnostic 1: preferFalsyCheck (1:67 - 1:84)
Message: Use a negated truthiness check instead of comparing with undefined; every present value of this type is truthy.
   1 | declare const value: { id: string } | undefined; const result = !(value == undefined);
     |                                                                   ~~~~~~~~~~~~~~~~~~
---

[TestRule/invalid-26 - 1]
Diagnostic 1: preferTruthyCheck (2:5 - 2:23)
Message: Use a truthiness check instead of comparing with undefined; every present value of this type is truthy.
   1 | declare const value: { id: string } | undefined;
   2 | if (value !== undefined) {}
     |     ~~~~~~~~~~~~~~~~~~~
---

[TestRule/invalid-27 - 1]
Diagnostic 1: preferTruthyCheck (1:61 - 1:78)
Message: Use a truthiness check instead of comparing with undefined; every present value of this type is truthy.
   1 | declare const value: { id: string } | null | undefined; if (value != undefined) {}
     |                                                             ~~~~~~~~~~~~~~~~~~
---

[TestRule/invalid-28 - 1]
Diagnostic 1: preferFalsyCheck (1:61 - 1:78)
Message: Use a negated truthiness check instead of comparing with undefined; every present value of this type is truthy.
   1 | declare const value: { id: string } | null | undefined; if (undefined == value) {}
     |                                                             ~~~~~~~~~~~~~~~~~~
---

[TestRule/invalid-29 - 1]
Diagnostic 1: preferTruthyCheck (1:66 - 1:84)
Message: Use a truthiness check instead of comparing with undefined; every present value of this type is truthy.
   1 | function f<T extends { id: string } | undefined>(value: T) { if (value !== undefined) {} }
     |                                                                  ~~~~~~~~~~~~~~~~~~~
---

[TestRule/invalid-30 - 1]
Diagnostic 1: preferTruthyCheck (1:74 - 1:92)
Message: Use a truthiness check instead of comparing with undefined; every present value of this type is truthy.
   1 | type Entry = { id: string }; declare const value: Entry | undefined; if (value !== undefined) {}
     |                                                                          ~~~~~~~~~~~~~~~~~~~
---

[TestRule/invalid-31 - 1]
Diagnostic 1: preferTruthyCheck (1:46 - 1:64)
Message: Use a truthiness check instead of comparing with undefined; every present value of this type is truthy.
   1 | import { value } from './dependency.js'; if (value !== undefined) {}
     |                                              ~~~~~~~~~~~~~~~~~~~
---

[TestRule/invalid-32 - 1]
Diagnostic 1: preferTruthyCheck (1:68 - 1:86)
Message: Use a truthiness check instead of comparing with undefined; every present value of this type is truthy.
   1 | declare const value: { id: string } | undefined; const jsx = <div>{value !== undefined ? <span /> : null}</div>;
     |                                                                    ~~~~~~~~~~~~~~~~~~~
---

[TestRule/invalid-33 - 1]
Diagnostic 1: preferTruthyCheck (1:54 - 1:72)
Message: Use a truthiness check instead of comparing with undefined; every present value of this type is truthy.
   1 | declare const value: { id: string } | undefined; if (value !== undefined) {}
     |                                                      ~~~~~~~~~~~~~~~~~~~
---

[TestRule/invalid-34 - 1]
Diagnostic 1: strictNullChecksRequired
Message: prefer-truthy-presence-check requires strictNullChecks to be enabled.
---
